// Jest Snapshot v1, https://goo.gl/fbAQLP

exports[`matches snapshot 1`] = `
<DocumentFragment>
  <div
    class="Box"
    role="box"
  >
    <button
      class="Box-Btn"
    >
      X
    </button>
  </div>
</DocumentFragment>
`;
